// Jest Snapshot v1, https://goo.gl/fbAQLP

exports[`Testing the inventory list screen Create a snapshot of the screen 1`] = `
<RCTSafeAreaView
  style={
    {
      "flex": 1,
    }
  }
>
  <View
    style={
      [
        {
          "flex": 1,
          "justifyContent": "space-between",
        },
      ]
    }
  >
    <View
      style={
        [
          {
            "alignItems": "center",
            "flexDirection": "row",
            "justifyContent": "space-between",
            "marginTop": 24,
            "paddingHorizontal": 24,
          },
        ]
      }
    >
      <View
        style={
          [
            {
              "alignItems": "center",
              "flexDirection": "row",
              "marginRight": 24,
            },
          ]
        }
      >
        <View
          style={
            [
              {},
            ]
          }
        >
          <View
            style={
              [
                {
                  "width": "100%",
                },
              ]
            }
          >
            <View
              accessibilityState={
                {
                  "busy": undefined,
                  "checked": undefined,
                  "disabled": undefined,
                  "expanded": undefined,
                  "selected": undefined,
                }
              }
              accessibilityValue={
                {
                  "max": undefined,
                  "min": undefined,
                  "now": undefined,
                  "text": undefined,
                }
              }
              accessible={true}
              collapsable={false}
              focusable={true}
              onClick={[Function]}
              onResponderGrant={[Function]}
              onResponderMove={[Function]}
              onResponderRelease={[Function]}
              onResponderTerminate={[Function]}
              onResponderTerminationRequest={[Function]}
              onStartShouldSetResponder={[Function]}
              style={
                {
                  "opacity": 1,
                }
              }
            >
              <View
                style={
                  [
                    {
                      "alignItems": "center",
                      "backgroundColor": "#6294CD",
                      "borderRadius": 6,
                      "flexDirection": "row",
                      "height": 50,
                      "justifyContent": "center",
                      "paddingHorizontal": 24,
                    },
                    {},
                  ]
                }
              >
                <Text
                  style={
                    [
                      {
                        "color": "#ffffff",
                        "fontSize": 16,
                        "fontWeight": "600",
                      },
                    ]
                  }
                >
                  Add Item
                </Text>
              </View>
            </View>
          </View>
        </View>
      </View>
      <View
        style={
          [
            {
              "alignItems": "center",
            },
          ]
        }
      >
        <Text
          style={
            [
              {
                "color": "#DDDDDD",
              },
            ]
          }
        >
          Dark Mode
        </Text>
        <RCTSwitch
          accessibilityRole="switch"
          onChange={[Function]}
          onResponderTerminationRequest={[Function]}
          onStartShouldSetResponder={[Function]}
          style={
            {
              "height": 31,
              "width": 51,
            }
          }
          value={true}
        />
      </View>
    </View>
    <View
      style={
        [
          {
            "marginTop": 8,
            "paddingHorizontal": 24,
          },
        ]
      }
    >
      <Text
        style={
          [
            {
              "color": "#DDDDDD",
            },
          ]
        }
      >
        Items Count: 
        3
      </Text>
    </View>
    <View
      style={
        [
          {
            "flex": 1,
            "marginVertical": 16,
            "paddingHorizontal": 24,
          },
        ]
      }
    >
      <RCTScrollView>
        <View>
          <View
            style={
              [
                {
                  "marginBottom": 16,
                },
              ]
            }
          >
            <View
              accessibilityState={
                {
                  "busy": undefined,
                  "checked": undefined,
                  "disabled": undefined,
                  "expanded": undefined,
                  "selected": undefined,
                }
              }
              accessibilityValue={
                {
                  "max": undefined,
                  "min": undefined,
                  "now": undefined,
                  "text": undefined,
                }
              }
              accessible={true}
              collapsable={false}
              focusable={true}
              onClick={[Function]}
              onResponderGrant={[Function]}
              onResponderMove={[Function]}
              onResponderRelease={[Function]}
              onResponderTerminate={[Function]}
              onResponderTerminationRequest={[Function]}
              onStartShouldSetResponder={[Function]}
              style={
                {
                  "opacity": 1,
                }
              }
              testID="inventory-item"
            >
              <View
                style={
                  [
                    {
                      "alignItems": "center",
                      "borderBottomColor": "#B0B0B0",
                      "borderBottomWidth": 1,
                      "flexDirection": "row",
                      "justifyContent": "space-between",
                      "padding": 16,
                    },
                    {
                      "backgroundColor": "#DDDDDD1A",
                    },
                  ]
                }
              >
                <View
                  style={
                    [
                      {
                        "flex": 1,
                        "marginRight": 24,
                      },
                    ]
                  }
                >
                  <View
                    style={
                      [
                        {},
                      ]
                    }
                  >
                    <View
                      style={
                        [
                          {
                            "marginBottom": 24,
                          },
                        ]
                      }
                    >
                      <Text
                        style={
                          [
                            {
                              "color": "#DDDDDD",
                              "fontSize": 16,
                              "fontWeight": "700",
                              "marginBottom": 8,
                            },
                          ]
                        }
                      >
                        Second test
                      </Text>
                      <Text
                        style={
                          [
                            {
                              "color": "#DDDDDD",
                            },
                          ]
                        }
                      >
                        Price: 
                        1,200
                      </Text>
                      <Text
                        style={
                          [
                            {
                              "color": "#DDDDDD",
                            },
                          ]
                        }
                      >
                        Stock: 
                        50
                      </Text>
                    </View>
                    <Text
                      style={
                        [
                          {
                            "color": "#DDDDDD",
                            "fontSize": 10,
                          },
                        ]
                      }
                    >
                      Last Modified: 
                      Sat Mar 11 2023
                       @
                       
                      03:48:05 GMT+0100 (West Africa Standard Time)
                    </Text>
                  </View>
                </View>
              </View>
            </View>
          </View>
          <View
            style={
              [
                {
                  "marginBottom": 16,
                },
              ]
            }
          >
            <View
              accessibilityState={
                {
                  "busy": undefined,
                  "checked": undefined,
                  "disabled": undefined,
                  "expanded": undefined,
                  "selected": undefined,
                }
              }
              accessibilityValue={
                {
                  "max": undefined,
                  "min": undefined,
                  "now": undefined,
                  "text": undefined,
                }
              }
              accessible={true}
              collapsable={false}
              focusable={true}
              onClick={[Function]}
              onResponderGrant={[Function]}
              onResponderMove={[Function]}
              onResponderRelease={[Function]}
              onResponderTerminate={[Function]}
              onResponderTerminationRequest={[Function]}
              onStartShouldSetResponder={[Function]}
              style={
                {
                  "opacity": 1,
                }
              }
              testID="inventory-item"
            >
              <View
                style={
                  [
                    {
                      "alignItems": "center",
                      "borderBottomColor": "#B0B0B0",
                      "borderBottomWidth": 1,
                      "flexDirection": "row",
                      "justifyContent": "space-between",
                      "padding": 16,
                    },
                    {
                      "backgroundColor": "#DDDDDD1A",
                    },
                  ]
                }
              >
                <View
                  style={
                    [
                      {
                        "flex": 1,
                        "marginRight": 24,
                      },
                    ]
                  }
                >
                  <View
                    style={
                      [
                        {},
                      ]
                    }
                  >
                    <View
                      style={
                        [
                          {
                            "marginBottom": 24,
                          },
                        ]
                      }
                    >
                      <Text
                        style={
                          [
                            {
                              "color": "#DDDDDD",
                              "fontSize": 16,
                              "fontWeight": "700",
                              "marginBottom": 8,
                            },
                          ]
                        }
                      >
                        Testing this out
                      </Text>
                      <Text
                        style={
                          [
                            {
                              "color": "#DDDDDD",
                            },
                          ]
                        }
                      >
                        Price: 
                        250
                      </Text>
                      <Text
                        style={
                          [
                            {
                              "color": "#DDDDDD",
                            },
                          ]
                        }
                      >
                        Stock: 
                        10
                      </Text>
                    </View>
                    <Text
                      style={
                        [
                          {
                            "color": "#DDDDDD",
                            "fontSize": 10,
                          },
                        ]
                      }
                    >
                      Last Modified: 
                      Sat Mar 11 2023
                       @
                       
                      03:46:15 GMT+0100 (West Africa Standard Time)
                    </Text>
                  </View>
                </View>
              </View>
            </View>
          </View>
          <View
            style={
              [
                {
                  "marginBottom": 16,
                },
              ]
            }
          >
            <View
              accessibilityState={
                {
                  "busy": undefined,
                  "checked": undefined,
                  "disabled": undefined,
                  "expanded": undefined,
                  "selected": undefined,
                }
              }
              accessibilityValue={
                {
                  "max": undefined,
                  "min": undefined,
                  "now": undefined,
                  "text": undefined,
                }
              }
              accessible={true}
              collapsable={false}
              focusable={true}
              onClick={[Function]}
              onResponderGrant={[Function]}
              onResponderMove={[Function]}
              onResponderRelease={[Function]}
              onResponderTerminate={[Function]}
              onResponderTerminationRequest={[Function]}
              onStartShouldSetResponder={[Function]}
              style={
                {
                  "opacity": 1,
                }
              }
              testID="inventory-item"
            >
              <View
                style={
                  [
                    {
                      "alignItems": "center",
                      "borderBottomColor": "#B0B0B0",
                      "borderBottomWidth": 1,
                      "flexDirection": "row",
                      "justifyContent": "space-between",
                      "padding": 16,
                    },
                    {
                      "backgroundColor": "#DDDDDD1A",
                    },
                  ]
                }
              >
                <View
                  style={
                    [
                      {
                        "flex": 1,
                        "marginRight": 24,
                      },
                    ]
                  }
                >
                  <View
                    style={
                      [
                        {},
                      ]
                    }
                  >
                    <View
                      style={
                        [
                          {
                            "marginBottom": 24,
                          },
                        ]
                      }
                    >
                      <Text
                        style={
                          [
                            {
                              "color": "#DDDDDD",
                              "fontSize": 16,
                              "fontWeight": "700",
                              "marginBottom": 8,
                            },
                          ]
                        }
                      >
                        Fourth entry
                      </Text>
                      <Text
                        style={
                          [
                            {
                              "color": "#DDDDDD",
                            },
                          ]
                        }
                      >
                        Price: 
                        780
                      </Text>
                      <Text
                        style={
                          [
                            {
                              "color": "#DDDDDD",
                            },
                          ]
                        }
                      >
                        Stock: 
                        1,000
                      </Text>
                    </View>
                    <Text
                      style={
                        [
                          {
                            "color": "#DDDDDD",
                            "fontSize": 10,
                          },
                        ]
                      }
                    >
                      Last Modified: 
                      Sat Mar 11 2023
                       @
                       
                      03:45:20 GMT+0100 (West Africa Standard Time)
                    </Text>
                  </View>
                </View>
              </View>
            </View>
          </View>
        </View>
      </RCTScrollView>
    </View>
    <View
      style={
        [
          {
            "height": 90,
            "justifyContent": "center",
            "paddingHorizontal": 24,
          },
        ]
      }
    >
      <View
        style={
          [
            {
              "width": "100%",
            },
          ]
        }
      >
        <View
          accessibilityState={
            {
              "busy": undefined,
              "checked": undefined,
              "disabled": undefined,
              "expanded": undefined,
              "selected": undefined,
            }
          }
          accessibilityValue={
            {
              "max": undefined,
              "min": undefined,
              "now": undefined,
              "text": undefined,
            }
          }
          accessible={true}
          collapsable={false}
          focusable={true}
          onClick={[Function]}
          onResponderGrant={[Function]}
          onResponderMove={[Function]}
          onResponderRelease={[Function]}
          onResponderTerminate={[Function]}
          onResponderTerminationRequest={[Function]}
          onStartShouldSetResponder={[Function]}
          style={
            {
              "opacity": 1,
            }
          }
        >
          <View
            style={
              [
                {
                  "alignItems": "center",
                  "backgroundColor": "#F92A4C",
                  "borderRadius": 6,
                  "flexDirection": "row",
                  "height": 50,
                  "justifyContent": "center",
                  "paddingHorizontal": 24,
                },
                {},
              ]
            }
          >
            <Text
              style={
                [
                  {
                    "color": "#ffffff",
                    "fontSize": 16,
                    "fontWeight": "600",
                  },
                ]
              }
            >
              Sign out of holuwamurewa@gmail.com
            </Text>
          </View>
        </View>
      </View>
    </View>
  </View>
  <Modal
    animationType="none"
    deviceHeight={null}
    deviceWidth={null}
    hardwareAccelerated={false}
    hideModalContentWhileAnimating={false}
    onBackdropPress={[Function]}
    onModalHide={[Function]}
    onModalWillHide={[Function]}
    onModalWillShow={[Function]}
    onRequestClose={[Function]}
    panResponderThreshold={4}
    scrollHorizontal={false}
    scrollOffset={0}
    scrollOffsetMax={0}
    scrollTo={null}
    statusBarTranslucent={false}
    supportedOrientations={
      [
        "portrait",
        "landscape",
      ]
    }
    swipeThreshold={100}
    testID="confirmation-modal"
    transparent={true}
    visible={false}
  />
</RCTSafeAreaView>
`;
